// Jest Snapshot v1, https://goo.gl/fbAQLP

exports[`Button with minimal props 1`] = `
<a
  className="my-button my-button--style-ROUNDED  my-button--color-WHITE_BLACK my-button--size-MEDIUM"
  onClick={[Function]}
>
  <button>
    My button
  </button>
</a>
`;
