// Jest Snapshot v1, https://goo.gl/fbAQLP

exports[`Label renders with minimal props 1`] = `
<DocumentFragment>
  <div>
    Customers
  </div>
</DocumentFragment>
`;
